{
  "version": "1.5.0",
  "plugins_used": [
    {
      "name": "ArtifactoryDetector"
    },
    {
      "name": "AWSKeyDetector"
    },
    {
      "name": "AzureStorageKeyDetector"
    },
    {
      "name": "Base64HighEntropyString",
      "limit": 4.5
    },
    {
      "name": "BasicAuthDetector"
    },
    {
      "name": "CloudantDetector"
    },
    {
      "name": "DiscordBotTokenDetector"
    },
    {
      "name": "GitHubTokenDetector"
    },
    {
      "name": "GitLabTokenDetector"
    },
    {
      "name": "HexHighEntropyString",
      "limit": 3.0
    },
    {
      "name": "IbmCloudIamDetector"
    },
    {
      "name": "IbmCosHmacDetector"
    },
    {
      "name": "IPPublicDetector"
    },
    {
      "name": "JwtTokenDetector"
    },
    {
      "name": "KeywordDetector",
      "keyword_exclude": ""
    },
    {
      "name": "MailchimpDetector"
    },
    {
      "name": "NpmDetector"
    },
    {
      "name": "OpenAIDetector"
    },
    {
      "name": "PrivateKeyDetector"
    },
    {
      "name": "PypiTokenDetector"
    },
    {
      "name": "SendGridDetector"
    },
    {
      "name": "SlackDetector"
    },
    {
      "name": "SoftlayerDetector"
    },
    {
      "name": "SquareOAuthDetector"
    },
    {
      "name": "StripeDetector"
    },
    {
      "name": "TelegramBotTokenDetector"
    },
    {
      "name": "TwilioKeyDetector"
    }
  ],
  "filters_used": [
    {
      "path": "detect_secrets.filters.allowlist.is_line_allowlisted"
    },
    {
      "path": "detect_secrets.filters.common.is_baseline_file",
      "filename": ".secrets.baseline"
    },
    {
      "path": "detect_secrets.filters.common.is_ignored_due_to_verification_policies",
      "min_level": 2
    },
    {
      "path": "detect_secrets.filters.heuristic.is_indirect_reference"
    },
    {
      "path": "detect_secrets.filters.heuristic.is_likely_id_string"
    },
    {
      "path": "detect_secrets.filters.heuristic.is_lock_file"
    },
    {
      "path": "detect_secrets.filters.heuristic.is_not_alphanumeric_string"
    },
    {
      "path": "detect_secrets.filters.heuristic.is_potential_uuid"
    },
    {
      "path": "detect_secrets.filters.heuristic.is_prefixed_with_dollar_sign"
    },
    {
      "path": "detect_secrets.filters.heuristic.is_sequential_string"
    },
    {
      "path": "detect_secrets.filters.heuristic.is_swagger_file"
    },
    {
      "path": "detect_secrets.filters.heuristic.is_templated_secret"
    }
  ],
  "results": {
    "config/gui_main_preferences.json.example": [
      {
        "type": "Secret Keyword",
        "filename": "config/gui_main_preferences.json.example",
        "hashed_secret": "16445a43fa234426800805410817e09b7f5502e7",
        "is_verified": false,
        "line_number": 200
      }
    ],
    "tests/test_github_authorship_source.py": [
      {
        "type": "Hex High Entropy String",
        "filename": "tests/test_github_authorship_source.py",
        "hashed_secret": "36d14dd9ec5d47ad14600d83451d9b603b256509",
        "is_verified": false,
        "line_number": 14
      }
    ],
    "tests/test_gitlab_secret_scan.py": [
      {
        "type": "Hex High Entropy String",
        "filename": "tests/test_gitlab_secret_scan.py",
        "hashed_secret": "36d14dd9ec5d47ad14600d83451d9b603b256509",
        "is_verified": false,
        "line_number": 15
      }
    ],
    "tests/test_release_docs_contract.py": [
      {
        "type": "Hex High Entropy String",
        "filename": "tests/test_release_docs_contract.py",
        "hashed_secret": "ccd5dc95a55de8b3ea3ebe87736411971be7f344",
        "is_verified": false,
        "line_number": 53
      },
      {
        "type": "Hex High Entropy String",
        "filename": "tests/test_release_docs_contract.py",
        "hashed_secret": "5b81275f6690db099795abecd03001248ba28e8b",
        "is_verified": false,
        "line_number": 55
      }
    ]
  },
  "generated_at": "2026-09-25T03:08:04Z"
}
