{
  "version": "1.5.0",
  "plugins_used": [
    {
      "name": "ArtifactoryDetector"
    },
    {
      "name": "AWSKeyDetector"
    },
    {
      "name": "AzureStorageKeyDetector"
    },
    {
      "name": "Base64HighEntropyString",
      "limit": 4.5
    },
    {
      "name": "BasicAuthDetector"
    },
    {
      "name": "CloudantDetector"
    },
    {
      "name": "DiscordBotTokenDetector"
    },
    {
      "name": "GitHubTokenDetector"
    },
    {
      "name": "GitLabTokenDetector"
    },
    {
      "name": "HexHighEntropyString",
      "limit": 3.0
    },
    {
      "name": "IbmCloudIamDetector"
    },
    {
      "name": "IbmCosHmacDetector"
    },
    {
      "name": "IPPublicDetector"
    },
    {
      "name": "JwtTokenDetector"
    },
    {
      "name": "KeywordDetector",
      "keyword_exclude": ""
    },
    {
      "name": "MailchimpDetector"
    },
    {
      "name": "NpmDetector"
    },
    {
      "name": "OpenAIDetector"
    },
    {
      "name": "PrivateKeyDetector"
    },
    {
      "name": "PypiTokenDetector"
    },
    {
      "name": "SendGridDetector"
    },
    {
      "name": "SlackDetector"
    },
    {
      "name": "SoftlayerDetector"
    },
    {
      "name": "SquareOAuthDetector"
    },
    {
      "name": "StripeDetector"
    },
    {
      "name": "TelegramBotTokenDetector"
    },
    {
      "name": "TwilioKeyDetector"
    }
  ],
  "filters_used": [
    {
      "path": "detect_secrets.filters.allowlist.is_line_allowlisted"
    },
    {
      "path": "detect_secrets.filters.common.is_baseline_file",
      "filename": ".secrets.baseline"
    },
    {
      "path": "detect_secrets.filters.common.is_ignored_due_to_verification_policies",
      "min_level": 2
    },
    {
      "path": "detect_secrets.filters.heuristic.is_indirect_reference"
    },
    {
      "path": "detect_secrets.filters.heuristic.is_likely_id_string"
    },
    {
      "path": "detect_secrets.filters.heuristic.is_lock_file"
    },
    {
      "path": "detect_secrets.filters.heuristic.is_not_alphanumeric_string"
    },
    {
      "path": "detect_secrets.filters.heuristic.is_potential_uuid"
    },
    {
      "path": "detect_secrets.filters.heuristic.is_prefixed_with_dollar_sign"
    },
    {
      "path": "detect_secrets.filters.heuristic.is_sequential_string"
    },
    {
      "path": "detect_secrets.filters.heuristic.is_swagger_file"
    },
    {
      "path": "detect_secrets.filters.heuristic.is_templated_secret"
    }
  ],
  "results": {
    ".github/workflows/opencode.yml": [
      {
        "type": "Secret Keyword",
        "filename": ".github/workflows/opencode.yml",
        "hashed_secret": "248a3d2f04326fd36fdf74e6940d104b9aa88c27",
        "is_verified": false,
        "line_number": 120
      }
    ],
    "config/llm_providers/README.md": [
      {
        "type": "Secret Keyword",
        "filename": "config/llm_providers/README.md",
        "hashed_secret": "0a3bc45f9330c1abb577d7e21b5c509d542b18bf",
        "is_verified": false,
        "line_number": 43
      }
    ],
    "docs/CCR_LLM_PROVIDERS_SETUP.md": [
      {
        "type": "Secret Keyword",
        "filename": "docs/CCR_LLM_PROVIDERS_SETUP.md",
        "hashed_secret": "c11332d165f7ca754e4a06fbebfec731b3f912b9",
        "is_verified": false,
        "line_number": 183
      },
      {
        "type": "Secret Keyword",
        "filename": "docs/CCR_LLM_PROVIDERS_SETUP.md",
        "hashed_secret": "f705ab416f2965b4b5b2a001f5aed18782b644a8",
        "is_verified": false,
        "line_number": 311
      }
    ],
    "docs/OHMYOPENCODE_MANUAL.md": [
      {
        "type": "Secret Keyword",
        "filename": "docs/OHMYOPENCODE_MANUAL.md",
        "hashed_secret": "ee7570d2dc51c5918da259c27c29dc65299d5d7f",
        "is_verified": false,
        "line_number": 76
      }
    ],
    "tests/test_config_manager_atomic_save.py": [
      {
        "type": "Secret Keyword",
        "filename": "tests/test_config_manager_atomic_save.py",
        "hashed_secret": "939bb46a04c3640c8c427e92b1b557e882e2d2a0",
        "is_verified": false,
        "line_number": 126
      }
    ],
    "tests/test_release_docs_contract.py": [
      {
        "type": "Hex High Entropy String",
        "filename": "tests/test_release_docs_contract.py",
        "hashed_secret": "ccd5dc95a55de8b3ea3ebe87736411971be7f344",
        "is_verified": false,
        "line_number": 46
      }
    ]
  },
  "generated_at": "2026-08-04T11:54:36Z"
}
